[dompet.dexignlab.com/index.html]
[backblue.gif]
[fade.gif]
[index.html]
[dompet.dexignlab.com/welcome/images/favicon.ico]
[dompet.dexignlab.com/welcome/images/favicon.png]
[dompet.dexignlab.com/welcome/css/plugins.min.css]
[dompet.dexignlab.com/welcome/plugins/fontawesome/css/font-awesome.min.css]
[dompet.dexignlab.com/welcome/plugins/line-awesome/css/line-awesome.min.css]
[dompet.dexignlab.com/welcome/plugins/themify/themify-icons.css]
[dompet.dexignlab.com/welcome/css/style.css]
[dompet.dexignlab.com/welcome/css/templete.css]
[dompet.dexignlab.com/welcome/css/skin/skin-1.css]
[dompet.dexignlab.com/welcome/images/logo-text.png]
[dompet.dexignlab.com/welcome/images/bg1.jpg]
[dompet.dexignlab.com/welcome/images/logo.png]
[dompet.dexignlab.com/welcome/images/icons/39.png]
[dompet.dexignlab.com/doc/index.html]
[dompet.dexignlab.com/welcome/images/icons/35.png]
[dompet.dexignlab.com/welcome/images/icons/40.png]
[dompet.dexignlab.com/welcome/images/icons/24.png]
[dompet.dexignlab.com/welcome/images/icons/38.png]
[dompet.dexignlab.com/welcome/images/icons/30.png]
[dompet.dexignlab.com/welcome/images/wave/wave1.png]
[dompet.dexignlab.com/welcome/images/wave/wave2.png]
[dompet.dexignlab.com/welcome/images/wave/wave3.png]
[dompet.dexignlab.com/xhtml/index.html]
[dompet.dexignlab.com/welcome/images/demo/index-light.jpg]
[dompet.dexignlab.com/xhtml/index-2.html]
[dompet.dexignlab.com/welcome/images/demo/index-dark.jpg]
[dompet.dexignlab.com/xhtml/index2dd3.html]
[dompet.dexignlab.com/welcome/images/demo/pic2.jpg]
[dompet.dexignlab.com/xhtml/index01a1.html]
[dompet.dexignlab.com/welcome/images/demo/pic3.jpg]
[dompet.dexignlab.com/xhtml/index406b.html]
[dompet.dexignlab.com/welcome/images/demo/pic5.jpg]
[dompet.dexignlab.com/xhtml/index6723.html]
[dompet.dexignlab.com/welcome/images/demo/pic1.jpg]
[dompet.dexignlab.com/xhtml/index8704.html]
[dompet.dexignlab.com/welcome/images/demo/pic4.jpg]
[dompet.dexignlab.com/xhtml/indexecff.html]
[dompet.dexignlab.com/welcome/images/demo/pic8.jpg]
[dompet.dexignlab.com/xhtml/index0137.html]
[dompet.dexignlab.com/welcome/images/demo/pic6.jpg]
[dompet.dexignlab.com/xhtml/index4666.html]
[dompet.dexignlab.com/welcome/images/demo/pic7.jpg]
[dompet.dexignlab.com/welcome/images/support.png]
[dompet.dexignlab.com/welcome/images/inner-page/home.jpg]
[dompet.dexignlab.com/welcome/images/inner-page/home-mobile.jpg]
[dompet.dexignlab.com/xhtml/email-compose.html]
[dompet.dexignlab.com/welcome/images/inner-page/email-compose.jpg]
[dompet.dexignlab.com/welcome/images/inner-page/email-compose-mobile.jpg]
[dompet.dexignlab.com/xhtml/ecom-product-grid.html]
[dompet.dexignlab.com/welcome/images/inner-page/ecom-product-grid.jpg]
[dompet.dexignlab.com/welcome/images/inner-page/ecom-product-grid-mobile.jpg]
[dompet.dexignlab.com/xhtml/app-calender.html]
[dompet.dexignlab.com/welcome/images/inner-page/app-calender.jpg]
[dompet.dexignlab.com/welcome/images/inner-page/app-calender-mobile.jpg]
[dompet.dexignlab.com/xhtml/chart-chartjs.html]
[dompet.dexignlab.com/welcome/images/inner-page/chart-chartjs.jpg]
[dompet.dexignlab.com/welcome/images/inner-page/chart-chartjs-mobile.jpg]
[dompet.dexignlab.com/xhtml/chart-sparkline.html]
[dompet.dexignlab.com/welcome/images/inner-page/chart-sparkline.jpg]
[dompet.dexignlab.com/welcome/images/inner-page/chart-sparkline-mobile.jpg]
[dompet.dexignlab.com/welcome/images/rv.png]
[dompet.dexignlab.com/welcome/images/icons/1.png]
[dompet.dexignlab.com/welcome/images/icons/3.png]
[dompet.dexignlab.com/welcome/images/icons/4.png]
[dompet.dexignlab.com/welcome/images/icons/5.png]
[dompet.dexignlab.com/welcome/images/icons/6.png]
[dompet.dexignlab.com/welcome/images/icons/7.png]
[dompet.dexignlab.com/welcome/images/icons/8.png]
[dompet.dexignlab.com/welcome/images/icons/9.png]
[dompet.dexignlab.com/welcome/images/icons/10.png]
[dompet.dexignlab.com/welcome/images/icons/11.png]
[dompet.dexignlab.com/welcome/images/icons/15.png]
[dompet.dexignlab.com/welcome/images/icons/16.png]
[dompet.dexignlab.com/welcome/images/icons/17.png]
[dompet.dexignlab.com/welcome/images/icons/18.png]
[dompet.dexignlab.com/welcome/images/icons/19.png]
[dompet.dexignlab.com/welcome/images/icons/21.png]
[dompet.dexignlab.com/welcome/images/icons/23.png]
[dompet.dexignlab.com/welcome/images/icons/25.png]
[dompet.dexignlab.com/welcome/images/icons/28.png]
[dompet.dexignlab.com/welcome/images/axiom-pattern.png]
[dompet.dexignlab.com/welcome/images/speed/icon1.png]
[dompet.dexignlab.com/welcome/images/speed/icon2.png]
[dompet.dexignlab.com/welcome/images/speed/icon3.png]
[dompet.dexignlab.com/welcome/images/rocket2.png]
[dompet.dexignlab.com/welcome/images/support-white.png]
[dompet.dexignlab.com/welcome/images/pic1.jpg]
[dompet.dexignlab.com/welcome/images/bg3.png]
[dompet.dexignlab.com/welcome/images/shopping-cart.svg]
[dompet.dexignlab.com/welcome/images/footer-bg.png]
[dompet.dexignlab.com/welcome/images/awards/pic1.png]
[dompet.dexignlab.com/welcome/images/awards/pic4.png]
[dompet.dexignlab.com/welcome/images/awards/pic2.png]
[dompet.dexignlab.com/welcome/images/awards/pic3.png]
[dompet.dexignlab.com/welcome/images/awards/pic5.png]
[dompet.dexignlab.com/welcome/images/30day.png]
[dompet.dexignlab.com/welcome/images/shopping-cart-primary.svg]
[dompet.dexignlab.com/welcome/js/combining.js]
[dompet.dexignlab.com/index.html]
[dompet.dexignlab.com/welcome/js/dz.ajax.js]
[dompet.dexignlab.com/welcome/css/plugins.min.css]
[dompet.dexignlab.com/xhtml/page-error-404.html]
[dompet.dexignlab.com/welcome/plugins/fontawesome/fonts/fontawesome-webfont3e6e.eot]
[dompet.dexignlab.com/welcome/plugins/fontawesome/fonts/fontawesome-webfontd41d.eot]
[dompet.dexignlab.com/welcome/plugins/fontawesome/fonts/fontawesome-webfont3e6e.woff2]
[dompet.dexignlab.com/welcome/plugins/fontawesome/fonts/fontawesome-webfont3e6e.woff]
[dompet.dexignlab.com/welcome/plugins/fontawesome/fonts/fontawesome-webfont3e6e.ttf]
[dompet.dexignlab.com/welcome/plugins/fontawesome/css/font-awesome.min.css]
[dompet.dexignlab.com/welcome/plugins/fontawesome/fonts/fontawesome-webfont3e6e.svg]
[dompet.dexignlab.com/welcome/plugins/line-awesome/fonts/la-brands-400.eot]
[dompet.dexignlab.com/welcome/plugins/line-awesome/fonts/la-brands-400d41d.eot]
[dompet.dexignlab.com/welcome/plugins/line-awesome/fonts/la-brands-400.woff2]
[dompet.dexignlab.com/welcome/plugins/line-awesome/fonts/la-brands-400.woff]
[dompet.dexignlab.com/welcome/plugins/line-awesome/fonts/la-brands-400.ttf]
[dompet.dexignlab.com/welcome/plugins/line-awesome/fonts/la-brands-400.svg]
[dompet.dexignlab.com/welcome/plugins/line-awesome/fonts/la-regular-400.eot]
[dompet.dexignlab.com/welcome/plugins/line-awesome/fonts/la-regular-400d41d.eot]
[dompet.dexignlab.com/welcome/plugins/line-awesome/fonts/la-regular-400.woff2]
[dompet.dexignlab.com/welcome/plugins/line-awesome/fonts/la-regular-400.woff]
[dompet.dexignlab.com/welcome/plugins/line-awesome/fonts/la-regular-400.ttf]
[dompet.dexignlab.com/welcome/plugins/line-awesome/fonts/la-regular-400.svg]
[dompet.dexignlab.com/welcome/plugins/line-awesome/fonts/la-solid-900.eot]
[dompet.dexignlab.com/welcome/plugins/line-awesome/fonts/la-solid-900.woff2]
[dompet.dexignlab.com/welcome/plugins/line-awesome/fonts/la-solid-900d41d.eot]
[dompet.dexignlab.com/welcome/plugins/line-awesome/fonts/la-solid-900.woff]
[dompet.dexignlab.com/welcome/plugins/line-awesome/fonts/la-solid-900.ttf]
[dompet.dexignlab.com/welcome/plugins/line-awesome/css/line-awesome.min.css]
[dompet.dexignlab.com/welcome/plugins/line-awesome/fonts/la-solid-900.svg]
[dompet.dexignlab.com/welcome/plugins/themify/fonts/themify9f24.eot]
[dompet.dexignlab.com/welcome/plugins/themify/fonts/themifyd41d.eot]
[dompet.dexignlab.com/welcome/plugins/themify/fonts/themify9f24.woff]
[dompet.dexignlab.com/welcome/plugins/themify/fonts/themify9f24.ttf]
[dompet.dexignlab.com/welcome/plugins/themify/themify-icons.css]
[dompet.dexignlab.com/welcome/plugins/themify/fonts/themify9f24.svg]
[dompet.dexignlab.com/welcome/css/style.css]
[dompet.dexignlab.com/welcome/css/templete.css]
[dompet.dexignlab.com/welcome/css/skin/skin-1.css]
[dompet.dexignlab.com/doc/images/favicon.png]
[dompet.dexignlab.com/doc/css/bootstrap.css]
[dompet.dexignlab.com/doc/css/scrollbar.css]
[dompet.dexignlab.com/doc/css/font-awesome.css]
[dompet.dexignlab.com/doc/css/styles.css]
[dompet.dexignlab.com/doc/plugins/jstree/dist/themes/default/style.min.css]
[dompet.dexignlab.com/doc/images/logo.png]
[dompet.dexignlab.com/doc/images/logo-text.png]
[dompet.dexignlab.com/doc/images/jsn.png]
[dompet.dexignlab.com/doc/images/demo/pic9.jpg]
[dompet.dexignlab.com/doc/images/demo/pic1.jpg]
[dompet.dexignlab.com/doc/images/demo/pic2.jpg]
[dompet.dexignlab.com/doc/images/demo/pic3.jpg]
[dompet.dexignlab.com/doc/images/demo/pic4.jpg]
[dompet.dexignlab.com/doc/images/demo/pic5.jpg]
[dompet.dexignlab.com/doc/images/demo/pic6.jpg]
[dompet.dexignlab.com/doc/images/demo/pic7.jpg]
[dompet.dexignlab.com/doc/images/demo/pic8.jpg]
[dompet.dexignlab.com/doc/images/screenshot/1.png]
[dompet.dexignlab.com/doc/images/screenshot/2.png]
[dompet.dexignlab.com/doc/images/screenshot/4.png]
[dompet.dexignlab.com/doc/images/screenshot/5.png]
[dompet.dexignlab.com/doc/images/product/autocare.png]
[dompet.dexignlab.com/doc/images/product/carzone.png]
[dompet.dexignlab.com/doc/images/product/winkit.png]
[dompet.dexignlab.com/doc/images/product/clean360.png]
[dompet.dexignlab.com/doc/images/product/golfclub.png]
[dompet.dexignlab.com/doc/images/product/triper.png]
[dompet.dexignlab.com/doc/images/product/camshot.png]
[dompet.dexignlab.com/doc/images/product/intera.png]
[dompet.dexignlab.com/doc/images/product/fixzer.png]
[dompet.dexignlab.com/doc/images/bg1.png]
[dompet.dexignlab.com/doc/js/jquery.min.js]
[dompet.dexignlab.com/doc/js/bootstrap.min.js]
[dompet.dexignlab.com/doc/js/smoothscroll.js]
[dompet.dexignlab.com/doc/js/jquery.scrollTo.min.js]
[dompet.dexignlab.com/doc/js/jquery.localScroll.min.js]
[dompet.dexignlab.com/doc/js/load.js]
[dompet.dexignlab.com/doc/js/custom.js]
[dompet.dexignlab.com/doc/js/scrollbar.min.js]
[dompet.dexignlab.com/doc/index.html]
[dompet.dexignlab.com/doc/plugins/jstree/dist/jstree.min.js]
[dompet.dexignlab.com/xhtml/social-image.png]
[dompet.dexignlab.com/xhtml/images/favicon.png]
[dompet.dexignlab.com/xhtml/vendor/jquery-nice-select/css/nice-select.css]
[dompet.dexignlab.com/xhtml/vendor/nouislider/nouislider.min.css]
[dompet.dexignlab.com/xhtml/css/style.css]
[dompet.dexignlab.com/xhtml/images/avatar/1.jpg]
[dompet.dexignlab.com/xhtml/images/avatar/2.jpg]
[dompet.dexignlab.com/xhtml/images/avatar/3.jpg]
[dompet.dexignlab.com/xhtml/images/avatar/4.jpg]
[dompet.dexignlab.com/xhtml/images/avatar/5.jpg]
[dompet.dexignlab.com/xhtml/images/profile/pic1.jpg]
[dompet.dexignlab.com/xhtml/app-profile.html]
[dompet.dexignlab.com/xhtml/email-inbox.html]
[dompet.dexignlab.com/xhtml/my-wallet.html]
[dompet.dexignlab.com/xhtml/page-invoices.html]
[dompet.dexignlab.com/xhtml/cards-center.html]
[dompet.dexignlab.com/xhtml/page-transaction.html]
[dompet.dexignlab.com/xhtml/transaction-details.html]
[dompet.dexignlab.com/xhtml/post-details.html]
[dompet.dexignlab.com/xhtml/email-read.html]
[dompet.dexignlab.com/xhtml/ecom-product-list.html]
[dompet.dexignlab.com/xhtml/ecom-product-detail.html]
[dompet.dexignlab.com/xhtml/ecom-product-order.html]
[dompet.dexignlab.com/xhtml/ecom-checkout.html]
[dompet.dexignlab.com/xhtml/ecom-invoice.html]
[dompet.dexignlab.com/xhtml/ecom-customers.html]
[dompet.dexignlab.com/xhtml/chart-flot.html]
[dompet.dexignlab.com/xhtml/chart-morris.html]
[dompet.dexignlab.com/xhtml/chart-chartist.html]
[dompet.dexignlab.com/xhtml/chart-peity.html]
[dompet.dexignlab.com/xhtml/ui-accordion.html]
[dompet.dexignlab.com/xhtml/ui-alert.html]
[dompet.dexignlab.com/xhtml/ui-badge.html]
[dompet.dexignlab.com/xhtml/ui-button.html]
[dompet.dexignlab.com/xhtml/ui-modal.html]
[dompet.dexignlab.com/xhtml/ui-button-group.html]
[dompet.dexignlab.com/xhtml/ui-list-group.html]
[dompet.dexignlab.com/xhtml/ui-card.html]
[dompet.dexignlab.com/xhtml/ui-carousel.html]
[dompet.dexignlab.com/xhtml/ui-dropdown.html]
[dompet.dexignlab.com/xhtml/ui-popover.html]
[dompet.dexignlab.com/xhtml/ui-progressbar.html]
[dompet.dexignlab.com/xhtml/ui-tab.html]
[dompet.dexignlab.com/xhtml/ui-typography.html]
[dompet.dexignlab.com/xhtml/ui-pagination.html]
[dompet.dexignlab.com/xhtml/ui-grid.html]
[dompet.dexignlab.com/xhtml/uc-select2.html]
[dompet.dexignlab.com/xhtml/uc-nestable.html]
[dompet.dexignlab.com/xhtml/uc-noui-slider.html]
[dompet.dexignlab.com/xhtml/uc-sweetalert.html]
[dompet.dexignlab.com/xhtml/uc-toastr.html]
[dompet.dexignlab.com/xhtml/map-jqvmap.html]
[dompet.dexignlab.com/xhtml/uc-lightgallery.html]
[dompet.dexignlab.com/xhtml/widget-basic.html]
[dompet.dexignlab.com/xhtml/form-element.html]
[dompet.dexignlab.com/xhtml/form-wizard.html]
[dompet.dexignlab.com/xhtml/form-ckeditor.html]
[dompet.dexignlab.com/xhtml/form-pickers.html]
[dompet.dexignlab.com/xhtml/form-validation.html]
[dompet.dexignlab.com/xhtml/table-bootstrap-basic.html]
[dompet.dexignlab.com/xhtml/table-datatable-basic.html]
[dompet.dexignlab.com/xhtml/page-login.html]
[dompet.dexignlab.com/xhtml/page-register.html]
[dompet.dexignlab.com/xhtml/page-error-400.html]
[dompet.dexignlab.com/xhtml/page-error-403.html]
[dompet.dexignlab.com/xhtml/page-error-500.html]
[dompet.dexignlab.com/xhtml/page-error-503.html]
[dompet.dexignlab.com/xhtml/page-lock-screen.html]
[dompet.dexignlab.com/xhtml/empty-page.html]
[dompet.dexignlab.com/xhtml/images/pattern/pattern6.png]
[dompet.dexignlab.com/xhtml/images/pattern/circle.png]
[dompet.dexignlab.com/xhtml/images/profile/small/pic1.jpg]
[dompet.dexignlab.com/xhtml/images/avatar/6.jpg]
[dompet.dexignlab.com/xhtml/vendor/global/global.min.js]
[dompet.dexignlab.com/xhtml/vendor/chart.js/Chart.bundle.min.js]
[dompet.dexignlab.com/xhtml/vendor/jquery-nice-select/js/jquery.nice-select.min.js]
[dompet.dexignlab.com/xhtml/vendor/apexchart/apexchart.js]
[dompet.dexignlab.com/xhtml/vendor/nouislider/nouislider.min.js]
[dompet.dexignlab.com/xhtml/vendor/wnumb/wNumb.js]
[dompet.dexignlab.com/xhtml/js/dashboard/dashboard-1.js]
[dompet.dexignlab.com/xhtml/js/custom.min.js]
[dompet.dexignlab.com/xhtml/js/dlabnav-init.js]
[dompet.dexignlab.com/xhtml/js/demo.js]
[dompet.dexignlab.com/xhtml/index.html]
[dompet.dexignlab.com/xhtml/js/styleSwitcher.js]
[dompet.dexignlab.com/xhtml/index-2.html]
[dompet.dexignlab.com/xhtml/index2dd3.html]
[dompet.dexignlab.com/xhtml/index01a1.html]
[dompet.dexignlab.com/xhtml/index406b.html]
[dompet.dexignlab.com/xhtml/index6723.html]
[dompet.dexignlab.com/xhtml/index8704.html]
[dompet.dexignlab.com/xhtml/indexecff.html]
[dompet.dexignlab.com/xhtml/index0137.html]
[dompet.dexignlab.com/xhtml/index4666.html]
[dompet.dexignlab.com/xhtml/vendor/dropzone/dist/dropzone.css]
[dompet.dexignlab.com/xhtml/email-compose.html]
[dompet.dexignlab.com/xhtml/vendor/dropzone/dist/dropzone.js]
[dompet.dexignlab.com/xhtml/images/product/1.jpg]
[dompet.dexignlab.com/xhtml/images/product/2.jpg]
[dompet.dexignlab.com/xhtml/images/product/3.jpg]
[dompet.dexignlab.com/xhtml/images/product/4.jpg]
[dompet.dexignlab.com/xhtml/images/product/5.jpg]
[dompet.dexignlab.com/xhtml/images/product/6.jpg]
[dompet.dexignlab.com/xhtml/images/product/7.jpg]
[dompet.dexignlab.com/xhtml/ecom-product-grid.html]
[dompet.dexignlab.com/xhtml/vendor/fullcalendar/css/main.min.css]
[dompet.dexignlab.com/xhtml/vendor/moment/moment.min.js]
[dompet.dexignlab.com/xhtml/vendor/fullcalendar/js/main.min.js]
[dompet.dexignlab.com/xhtml/app-calender.html]
[dompet.dexignlab.com/xhtml/js/plugins-init/fullcalendar-init.js]
[dompet.dexignlab.com/xhtml/chart-chartjs.html]
[dompet.dexignlab.com/xhtml/js/plugins-init/chartjs-init.js]
[dompet.dexignlab.com/xhtml/vendor/jquery-sparkline/jquery.sparkline.min.js]
[dompet.dexignlab.com/xhtml/js/plugins-init/sparkline-init.js]
[dompet.dexignlab.com/xhtml/vendor/svganimation/vivus.min.js]
[dompet.dexignlab.com/xhtml/chart-sparkline.html]
[dompet.dexignlab.com/welcome/images/shopping-cart.svg]
[dompet.dexignlab.com/welcome/images/shopping-cart-primary.svg]
[dompet.dexignlab.com/xhtml/vendor/svganimation/svg.animation.js]
[dzassets.s3.amazonaws.com/w3-global.js]
[dompet.dexignlab.com/welcome/js/combining.js]
[dompet.dexignlab.com/welcome/js/dz.ajax.js]
[dompet.dexignlab.com/xhtml/page-error-404.html]
[dompet.dexignlab.com/welcome/plugins/fontawesome/fonts/fontawesome-webfont3e6e.svg]
[dompet.dexignlab.com/welcome/plugins/line-awesome/fonts/la-brands-400.svg]
[dompet.dexignlab.com/welcome/plugins/line-awesome/fonts/la-regular-400.svg]
[dompet.dexignlab.com/welcome/plugins/line-awesome/fonts/la-solid-900.svg]
[dompet.dexignlab.com/welcome/plugins/themify/fonts/themify9f24.svg]
[dompet.dexignlab.com/doc/fonts/glyphicons-halflings-regular.eot]
[dompet.dexignlab.com/doc/fonts/glyphicons-halflings-regulard41d.eot]
[dompet.dexignlab.com/doc/fonts/glyphicons-halflings-regular.woff2]
[dompet.dexignlab.com/doc/fonts/glyphicons-halflings-regular.woff]
[dompet.dexignlab.com/doc/fonts/glyphicons-halflings-regular.ttf]
[dompet.dexignlab.com/doc/css/bootstrap.css]
[dompet.dexignlab.com/doc/css/scrollbar.css]
[dompet.dexignlab.com/doc/fonts/glyphicons-halflings-regular.svg]
[dompet.dexignlab.com/doc/fonts/fontawesome-webfont3e6e.eot]
[dompet.dexignlab.com/doc/fonts/fontawesome-webfontd41d.eot]
[dompet.dexignlab.com/doc/fonts/fontawesome-webfont3e6e.woff]
[dompet.dexignlab.com/doc/fonts/fontawesome-webfont3e6e.ttf]
[dompet.dexignlab.com/doc/css/font-awesome.css]
[dompet.dexignlab.com/doc/fonts/fontawesome-webfont3e6e.svg]
[dompet.dexignlab.com/doc/fonts/lanenar_Lane.eot]
[dompet.dexignlab.com/doc/fonts/lanenar_Laned41d.eot]
[dompet.dexignlab.com/doc/fonts/lanenar_Lane.woff]
[dompet.dexignlab.com/doc/fonts/lanenar_Lane.ttf]
[dompet.dexignlab.com/doc/fonts/lanenar_Lane.svg]
[dompet.dexignlab.com/doc/images/slide.png]
[dompet.dexignlab.com/doc/css/styles.css]
[dompet.dexignlab.com/doc/plugins/jstree/dist/themes/default/32px.png]
[dompet.dexignlab.com/doc/plugins/jstree/dist/themes/default/throbber.gif]
[dompet.dexignlab.com/doc/plugins/jstree/dist/themes/default/40px.png]
[dompet.dexignlab.com/doc/plugins/jstree/dist/themes/default/style.min.css]
[dompet.dexignlab.com/doc/js/jquery.min.js]
[dompet.dexignlab.com/doc/js/bootstrap.min.js]
[dompet.dexignlab.com/doc/js/smoothscroll.js]
[dompet.dexignlab.com/doc/js/jquery.scrollTo.min.js]
[dompet.dexignlab.com/doc/js/jquery.localScroll.min.js]
[dompet.dexignlab.com/doc/js/load.js]
[dompet.dexignlab.com/doc/js/custom.js]
[dompet.dexignlab.com/doc/js/scrollbar.min.js]
[dompet.dexignlab.com/doc/plugins/jstree/dist/jstree.min.js]
[dompet.dexignlab.com/xhtml/vendor/jquery-nice-select/css/nice-select.css]
[dompet.dexignlab.com/xhtml/vendor/nouislider/nouislider.min.css]
[dompet.dexignlab.com/xhtml/icons/simple-line-icons/css/simple-line-icons.css]
[dompet.dexignlab.com/xhtml/icons/font-awesome/css/all.min.css]
[dompet.dexignlab.com/xhtml/icons/material-design-iconic-font/css/materialdesignicons.min.css]
[dompet.dexignlab.com/xhtml/icons/themify-icons/css/themify-icons.css]
[dompet.dexignlab.com/xhtml/icons/line-awesome/css/line-awesome.min.css]
[dompet.dexignlab.com/xhtml/icons/avasta/css/style.css]
[dompet.dexignlab.com/xhtml/icons/flaticon/flaticon.css]
[dompet.dexignlab.com/xhtml/icons/flaticon_1/flaticon_1.css]
[dompet.dexignlab.com/xhtml/icons/icomoon/icomoon.css]
[dompet.dexignlab.com/xhtml/icons/bootstrap-icons/font/bootstrap-icons.css]
[dompet.dexignlab.com/xhtml/vendor/animate/animate.min.css]
[dompet.dexignlab.com/xhtml/vendor/aos/css/aos.min.css]
[dompet.dexignlab.com/xhtml/vendor/perfect-scrollbar/css/perfect-scrollbar.css]
[dompet.dexignlab.com/xhtml/vendor/metismenu/css/metisMenu.min.css]
[dompet.dexignlab.com/xhtml/images/pattern/pattern5.png]
[dompet.dexignlab.com/xhtml/images/profile/cover.jpg]
[dompet.dexignlab.com/xhtml/images/1.jpg]
[dompet.dexignlab.com/xhtml/images/like.png]
[dompet.dexignlab.com/xhtml/images/pattern/pattern7.png]
[dompet.dexignlab.com/xhtml/css/style.css]
[dompet.dexignlab.com/xhtml/vendor/lightgallery/css/lightgallery.min.css]
[dompet.dexignlab.com/xhtml/images/profile/profile.png]
[dompet.dexignlab.com/xhtml/images/profile/1.jpg]
[dompet.dexignlab.com/xhtml/images/profile/2.jpg]
[dompet.dexignlab.com/xhtml/images/profile/3.jpg]
[dompet.dexignlab.com/xhtml/images/profile/4.jpg]
[dompet.dexignlab.com/xhtml/images/profile/5.jpg]
[dompet.dexignlab.com/xhtml/images/profile/6.jpg]
[dompet.dexignlab.com/xhtml/images/profile/7.jpg]
[dompet.dexignlab.com/xhtml/images/profile/8.jpg]
[dompet.dexignlab.com/xhtml/images/profile/9.jpg]
[dompet.dexignlab.com/xhtml/vendor/bootstrap-select/dist/js/bootstrap-select.min.js]
[dompet.dexignlab.com/xhtml/app-profile.html]
[dompet.dexignlab.com/xhtml/vendor/lightgallery/js/lightgallery-all.min.js]
[dompet.dexignlab.com/xhtml/email-inbox.html]
[dompet.dexignlab.com/xhtml/my-wallet.html]
[dompet.dexignlab.com/xhtml/js/dashboard/my-wallet.js]
[dompet.dexignlab.com/xhtml/vendor/datatables/css/jquery.dataTables.min.css]
[dompet.dexignlab.com/xhtml/images/avatar/7.jpg]
[dompet.dexignlab.com/xhtml/images/avatar/8.jpg]
[dompet.dexignlab.com/xhtml/vendor/datatables/js/jquery.dataTables.min.js]
[dompet.dexignlab.com/xhtml/page-invoices.html]
[dompet.dexignlab.com/xhtml/js/plugins-init/datatables.init.js]
[dompet.dexignlab.com/xhtml/vendor/owl-carousel/owl.carousel.css]
[dompet.dexignlab.com/xhtml/images/pattern/pattern8.png]
[dompet.dexignlab.com/xhtml/images/pattern/pattern9.png]
[dompet.dexignlab.com/xhtml/images/pattern/pattern10.png]
[dompet.dexignlab.com/xhtml/images/card/1.jpg]
[dompet.dexignlab.com/xhtml/images/card/2.jpg]
[dompet.dexignlab.com/xhtml/images/card/3.jpg]
[dompet.dexignlab.com/xhtml/images/card/4.jpg]
[dompet.dexignlab.com/xhtml/vendor/owl-carousel/owl.carousel.js]
[dompet.dexignlab.com/xhtml/cards-center.html]
[dompet.dexignlab.com/xhtml/js/dashboard/cards-center.js]
[dompet.dexignlab.com/xhtml/page-transaction.html]
[dompet.dexignlab.com/xhtml/images/profile/1.png]
[dompet.dexignlab.com/xhtml/images/pattern/pattern11.png]
[dompet.dexignlab.com/xhtml/transaction-details.html]
[dompet.dexignlab.com/xhtml/js/dashboard/transaction-details.js]
[dompet.dexignlab.com/xhtml/post-details.html]
[dompet.dexignlab.com/xhtml/email-read.html]
[dompet.dexignlab.com/xhtml/vendor/star-rating/star-rating-svg.css]
[dompet.dexignlab.com/xhtml/ecom-product-list.html]
[dompet.dexignlab.com/xhtml/vendor/star-rating/jquery.star-rating-svg.js]
[dompet.dexignlab.com/xhtml/images/tab/1.jpg]
[dompet.dexignlab.com/xhtml/images/tab/2.jpg]
[dompet.dexignlab.com/xhtml/images/tab/3.jpg]
[dompet.dexignlab.com/xhtml/images/tab/4.jpg]
[dompet.dexignlab.com/xhtml/ecom-product-detail.html]
[dompet.dexignlab.com/xhtml/ecom-product-order.html]
[dompet.dexignlab.com/xhtml/ecom-checkout.html]
[dompet.dexignlab.com/xhtml/vendor/bootstrap-select/dist/css/bootstrap-select.min.css]
[dompet.dexignlab.com/xhtml/images/logo.png]
[dompet.dexignlab.com/xhtml/images/logo-text.png]
[dompet.dexignlab.com/xhtml/images/qr.png]
[dompet.dexignlab.com/xhtml/ecom-invoice.html]
[dompet.dexignlab.com/xhtml/images/avatar/5.png]
[dompet.dexignlab.com/xhtml/images/avatar/1.png]
[dompet.dexignlab.com/xhtml/ecom-customers.html]
[dompet.dexignlab.com/xhtml/vendor/highlightjs/highlight.pack.min.js]
[dompet.dexignlab.com/xhtml/vendor/flot/jquery.flot.js]
[dompet.dexignlab.com/xhtml/vendor/flot/jquery.flot.pie.js]
[dompet.dexignlab.com/xhtml/vendor/flot/jquery.flot.resize.js]
[dompet.dexignlab.com/xhtml/vendor/flot-spline/jquery.flot.spline.min.js]
[dompet.dexignlab.com/xhtml/chart-flot.html]
[dompet.dexignlab.com/xhtml/js/plugins-init/flot-init.js]
[dompet.dexignlab.com/xhtml/vendor/raphael/raphael.min.js]
[dompet.dexignlab.com/xhtml/vendor/morris/morris.min.js]
[dompet.dexignlab.com/xhtml/chart-morris.html]
[dompet.dexignlab.com/xhtml/js/plugins-init/morris-init.js]
[dompet.dexignlab.com/xhtml/vendor/chartist/css/chartist.min.css]
[dompet.dexignlab.com/xhtml/vendor/chartist/js/chartist.min.js]
[dompet.dexignlab.com/xhtml/vendor/chartist-plugin-tooltips/js/chartist-plugin-tooltip.min.js]
[dompet.dexignlab.com/xhtml/chart-chartist.html]
[dompet.dexignlab.com/xhtml/js/plugins-init/chartist-init.js]
[dompet.dexignlab.com/xhtml/vendor/peity/jquery.peity.min.js]
[dompet.dexignlab.com/xhtml/chart-peity.html]
[dompet.dexignlab.com/xhtml/js/plugins-init/piety-init.js]
[dompet.dexignlab.com/xhtml/ui-accordion.html]
[dompet.dexignlab.com/xhtml/ui-alert.html]
[dompet.dexignlab.com/xhtml/ui-badge.html]
[dompet.dexignlab.com/xhtml/ui-button.html]
[dompet.dexignlab.com/xhtml/ui-modal.html]
[dompet.dexignlab.com/xhtml/ui-button-group.html]
[dompet.dexignlab.com/xhtml/ui-list-group.html]
[dompet.dexignlab.com/xhtml/images/card/1.png]
[dompet.dexignlab.com/xhtml/images/card/2.png]
[dompet.dexignlab.com/xhtml/images/card/3.png]
[dompet.dexignlab.com/xhtml/ui-card.html]
[dompet.dexignlab.com/xhtml/images/big/img1.jpg]
[dompet.dexignlab.com/xhtml/images/big/img2.jpg]
[dompet.dexignlab.com/xhtml/images/big/img3.jpg]
[dompet.dexignlab.com/xhtml/images/big/img4.jpg]
[dompet.dexignlab.com/xhtml/images/big/img5.jpg]
[dompet.dexignlab.com/xhtml/images/big/img6.jpg]
[dompet.dexignlab.com/xhtml/images/big/img7.jpg]
[dompet.dexignlab.com/xhtml/ui-carousel.html]
[dompet.dexignlab.com/xhtml/ui-dropdown.html]
[dompet.dexignlab.com/xhtml/ui-popover.html]
[dompet.dexignlab.com/xhtml/ui-progressbar.html]
[dompet.dexignlab.com/xhtml/ui-tab.html]
[dompet.dexignlab.com/xhtml/ui-typography.html]
[dompet.dexignlab.com/xhtml/ui-pagination.html]
[dompet.dexignlab.com/xhtml/ui-grid.html]
[dompet.dexignlab.com/xhtml/vendor/select2/css/select2.min.css]
[dompet.dexignlab.com/xhtml/vendor/select2/js/select2.full.min.js]
[dompet.dexignlab.com/xhtml/uc-select2.html]
[dompet.dexignlab.com/xhtml/js/plugins-init/select2-init.js]
[dompet.dexignlab.com/xhtml/vendor/nestable2/css/jquery.nestable.min.css]
[dompet.dexignlab.com/xhtml/vendor/nestable2/js/jquery.nestable.min.js]
[dompet.dexignlab.com/xhtml/uc-nestable.html]
[dompet.dexignlab.com/xhtml/js/plugins-init/nestable-init.js]
[dompet.dexignlab.com/xhtml/uc-noui-slider.html]
[dompet.dexignlab.com/xhtml/js/plugins-init/nouislider-init.js]
[dompet.dexignlab.com/xhtml/vendor/sweetalert2/dist/sweetalert2.min.css]
[dompet.dexignlab.com/xhtml/vendor/sweetalert2/dist/sweetalert2.min.js]
[dompet.dexignlab.com/xhtml/uc-sweetalert.html]
[dompet.dexignlab.com/xhtml/js/plugins-init/sweetalert.init.js]
[dompet.dexignlab.com/xhtml/vendor/toastr/css/toastr.min.css]
[dompet.dexignlab.com/xhtml/vendor/toastr/js/toastr.min.js]
[dompet.dexignlab.com/xhtml/uc-toastr.html]
[dompet.dexignlab.com/xhtml/js/plugins-init/toastr-init.js]
[dompet.dexignlab.com/xhtml/vendor/jqvmap/css/jqvmap.min.css]
[dompet.dexignlab.com/xhtml/vendor/jqvmap/js/jquery.vmap.min.js]
[dompet.dexignlab.com/xhtml/vendor/jqvmap/js/jquery.vmap.world.js]
[dompet.dexignlab.com/xhtml/vendor/jqvmap/js/jquery.vmap.usa.js]
[dompet.dexignlab.com/xhtml/map-jqvmap.html]
[dompet.dexignlab.com/xhtml/js/plugins-init/jqvmap-init.js]
[dompet.dexignlab.com/xhtml/images/big/img8.jpg]
[dompet.dexignlab.com/xhtml/uc-lightgallery.html]
[dompet.dexignlab.com/xhtml/widget-basic.html]
[dompet.dexignlab.com/xhtml/form-element.html]
[dompet.dexignlab.com/xhtml/js/plugins-init/widgets-script-init.js]
[dompet.dexignlab.com/xhtml/vendor/jquery-smartwizard/dist/css/smart_wizard.min.css]
[dompet.dexignlab.com/xhtml/vendor/jquery-steps/build/jquery.steps.min.js]
[dompet.dexignlab.com/xhtml/vendor/jquery-validation/jquery.validate.min.js]
[dompet.dexignlab.com/xhtml/js/plugins-init/jquery.validate-init.js]
[dompet.dexignlab.com/xhtml/form-wizard.html]
[dompet.dexignlab.com/xhtml/vendor/jquery-smartwizard/dist/js/jquery.smartWizard.js]
[dompet.dexignlab.com/xhtml/form-ckeditor.html]
[dompet.dexignlab.com/xhtml/vendor/ckeditor/ckeditor.js]
[dompet.dexignlab.com/xhtml/vendor/bootstrap-daterangepicker/daterangepicker.css]
[dompet.dexignlab.com/xhtml/vendor/clockpicker/css/bootstrap-clockpicker.min.css]
[dompet.dexignlab.com/xhtml/vendor/jquery-asColorPicker/css/asColorPicker.min.css]
[dompet.dexignlab.com/xhtml/vendor/bootstrap-material-datetimepicker/css/bootstrap-material-datetimepicker.css]
[dompet.dexignlab.com/xhtml/vendor/pickadate/themes/default.css]
[dompet.dexignlab.com/xhtml/vendor/pickadate/themes/default.date.css]
[dompet.dexignlab.com/xhtml/vendor/bootstrap-daterangepicker/daterangepicker.js]
[dompet.dexignlab.com/xhtml/vendor/clockpicker/js/bootstrap-clockpicker.min.js]
[dompet.dexignlab.com/xhtml/vendor/jquery-asColor/jquery-asColor.min.js]
[dompet.dexignlab.com/xhtml/vendor/jquery-asGradient/jquery-asGradient.min.js]
[dompet.dexignlab.com/xhtml/vendor/jquery-asColorPicker/js/jquery-asColorPicker.min.js]
[dompet.dexignlab.com/xhtml/vendor/bootstrap-material-datetimepicker/js/bootstrap-material-datetimepicker.js]
[dompet.dexignlab.com/xhtml/vendor/pickadate/picker.js]
[dompet.dexignlab.com/xhtml/vendor/pickadate/picker.time.js]
[dompet.dexignlab.com/xhtml/vendor/pickadate/picker.date.js]
[dompet.dexignlab.com/xhtml/js/plugins-init/bs-daterange-picker-init.js]
[dompet.dexignlab.com/xhtml/js/plugins-init/clock-picker-init.js]
[dompet.dexignlab.com/xhtml/js/plugins-init/jquery-asColorPicker.init.js]
[dompet.dexignlab.com/xhtml/js/plugins-init/material-date-picker-init.js]
[dompet.dexignlab.com/xhtml/form-pickers.html]
[dompet.dexignlab.com/xhtml/form-validation.html]
[dompet.dexignlab.com/xhtml/table-bootstrap-basic.html]
[dompet.dexignlab.com/xhtml/images/profile/small/pic2.jpg]
[dompet.dexignlab.com/xhtml/images/profile/small/pic3.jpg]
[dompet.dexignlab.com/xhtml/images/profile/small/pic4.jpg]
[dompet.dexignlab.com/xhtml/images/profile/small/pic5.jpg]
[dompet.dexignlab.com/xhtml/images/profile/small/pic6.jpg]
[dompet.dexignlab.com/xhtml/images/profile/small/pic7.jpg]
[dompet.dexignlab.com/xhtml/images/profile/small/pic8.jpg]
[dompet.dexignlab.com/xhtml/images/profile/small/pic9.jpg]
[dompet.dexignlab.com/xhtml/images/profile/small/pic10.jpg]
[dompet.dexignlab.com/xhtml/table-datatable-basic.html]
[dompet.dexignlab.com/xhtml/images/logo-full.png]
[dompet.dexignlab.com/xhtml/page-login.html]
[dompet.dexignlab.com/xhtml/page-register.html]
[dompet.dexignlab.com/xhtml/page-error-400.html]
[dompet.dexignlab.com/xhtml/page-error-403.html]
[dompet.dexignlab.com/xhtml/page-error-500.html]
[dompet.dexignlab.com/xhtml/page-error-503.html]
[dompet.dexignlab.com/xhtml/page-forgot-password.html]
[dompet.dexignlab.com/xhtml/page-lock-screen.html]
[dompet.dexignlab.com/xhtml/empty-page.html]
[dompet.dexignlab.com/xhtml/vendor/global/global.min.js]
[dompet.dexignlab.com/xhtml/vendor/chart.js/Chart.bundle.min.js]
[dompet.dexignlab.com/xhtml/vendor/jquery-nice-select/js/jquery.nice-select.min.js]
[dompet.dexignlab.com/xhtml/vendor/apexchart/apexchart.js]
[dompet.dexignlab.com/xhtml/vendor/dlabnav/dlabnav.min.js]
[dompet.dexignlab.com/xhtml/vendor/nouislider/nouislider.min.js]
[dompet.dexignlab.com/xhtml/vendor/wnumb/wNumb.js]
[dompet.dexignlab.com/xhtml/js/dashboard/dashboard-1.js]
[dzassets.s3.amazonaws.com/w3-global8bb6.js]
[dompet.dexignlab.com/xhtml/js/custom.min.js]
[dompet.dexignlab.com/xhtml/js/dlabnav-init.js]
[dompet.dexignlab.com/xhtml/js/demo.js]
[dompet.dexignlab.com/xhtml/js/styleSwitcher.js]
[dompet.dexignlab.com/xhtml/vendor/dropzone/dist/dropzone.css]
[dompet.dexignlab.com/xhtml/vendor/dropzone/dist/dropzone.js]
[dompet.dexignlab.com/xhtml/vendor/fullcalendar/css/main.min.css]
[dompet.dexignlab.com/xhtml/vendor/moment/moment.min.js]
[dompet.dexignlab.com/xhtml/vendor/fullcalendar/js/main.min.js]
[dompet.dexignlab.com/xhtml/js/plugins-init/fullcalendar-init.js]
[dompet.dexignlab.com/xhtml/js/plugins-init/chartjs-init.js]
[dompet.dexignlab.com/xhtml/vendor/jquery-sparkline/jquery.sparkline.min.js]
[dompet.dexignlab.com/xhtml/js/plugins-init/sparkline-init.js]
[dompet.dexignlab.com/xhtml/vendor/svganimation/vivus.min.js]
[dompet.dexignlab.com/xhtml/vendor/svganimation/svg.animation.js]
[dompet.dexignlab.com/doc/fonts/glyphicons-halflings-regular.svg]
[dompet.dexignlab.com/doc/fonts/fontawesome-webfont3e6e.svg]
[dompet.dexignlab.com/doc/fonts/lanenar_Lane.svg]
[dompet.dexignlab.com/xhtml/icons/simple-line-icons/fonts/Simple-Line-Icons4c824c82.eot]
[dompet.dexignlab.com/xhtml/icons/simple-line-icons/fonts/Simple-Line-Iconsd41dd41d.eot]
[dompet.dexignlab.com/xhtml/icons/simple-line-icons/fonts/Simple-Line-Icons4c824c82.ttf]
[dompet.dexignlab.com/xhtml/icons/simple-line-icons/fonts/Simple-Line-Icons4c824c82.woff2]
[dompet.dexignlab.com/xhtml/icons/simple-line-icons/fonts/Simple-Line-Icons4c824c82.woff]
[dompet.dexignlab.com/xhtml/icons/simple-line-icons/css/simple-line-icons.css]
[dompet.dexignlab.com/xhtml/icons/simple-line-icons/fonts/Simple-Line-Icons4c824c82.svg]
[dompet.dexignlab.com/xhtml/icons/font-awesome/webfonts/fa-brands-400d41d.eot]
[dompet.dexignlab.com/xhtml/icons/font-awesome/webfonts/fa-brands-400.eot]
[dompet.dexignlab.com/xhtml/icons/font-awesome/webfonts/fa-brands-400.woff2]
[dompet.dexignlab.com/xhtml/icons/font-awesome/webfonts/fa-brands-400.woff]
[dompet.dexignlab.com/xhtml/icons/font-awesome/webfonts/fa-brands-400.ttf]
[dompet.dexignlab.com/xhtml/icons/font-awesome/webfonts/fa-brands-400.svg]
[dompet.dexignlab.com/xhtml/icons/font-awesome/webfonts/fa-regular-400.eot]
[dompet.dexignlab.com/xhtml/icons/font-awesome/webfonts/fa-regular-400d41d.eot]
[dompet.dexignlab.com/xhtml/icons/font-awesome/webfonts/fa-regular-400.woff2]
[dompet.dexignlab.com/xhtml/icons/font-awesome/webfonts/fa-regular-400.woff]
[dompet.dexignlab.com/xhtml/icons/font-awesome/webfonts/fa-regular-400.ttf]
[dompet.dexignlab.com/xhtml/icons/font-awesome/webfonts/fa-regular-400.svg]
[dompet.dexignlab.com/xhtml/icons/font-awesome/webfonts/fa-solid-900.eot]
[dompet.dexignlab.com/xhtml/icons/font-awesome/webfonts/fa-solid-900.woff2]
[dompet.dexignlab.com/xhtml/icons/font-awesome/webfonts/fa-solid-900.woff]
[dompet.dexignlab.com/xhtml/icons/font-awesome/webfonts/fa-solid-900d41d.eot]
[dompet.dexignlab.com/xhtml/icons/font-awesome/css/all.min.css]
[dompet.dexignlab.com/xhtml/icons/font-awesome/webfonts/fa-solid-900.ttf]
[dompet.dexignlab.com/xhtml/icons/font-awesome/webfonts/fa-solid-900.svg]
[dompet.dexignlab.com/xhtml/icons/material-design-iconic-font/fonts/materialdesignicons-webfont683c.eot]
[dompet.dexignlab.com/xhtml/icons/material-design-iconic-font/fonts/materialdesignicons-webfont683c.woff2]
[dompet.dexignlab.com/xhtml/icons/material-design-iconic-font/fonts/materialdesignicons-webfont683c.woff]
[dompet.dexignlab.com/xhtml/icons/material-design-iconic-font/fonts/materialdesignicons-webfontd41d.eot]
[dompet.dexignlab.com/xhtml/icons/material-design-iconic-font/fonts/materialdesignicons-webfont683c.ttf]
[dompet.dexignlab.com/xhtml/icons/material-design-iconic-font/css/materialdesignicons.min.css]
[dompet.dexignlab.com/xhtml/icons/material-design-iconic-font/fonts/materialdesignicons-webfont683c.svg]
[dompet.dexignlab.com/xhtml/icons/themify-icons/fonts/themify9f249f24.eot]
[dompet.dexignlab.com/xhtml/icons/themify-icons/fonts/themifyd41dd41d.eot]
[dompet.dexignlab.com/xhtml/icons/themify-icons/fonts/themify.woff]
[dompet.dexignlab.com/xhtml/icons/themify-icons/fonts/themify.ttf]
[dompet.dexignlab.com/xhtml/icons/themify-icons/css/themify-icons.css]
[dompet.dexignlab.com/xhtml/icons/themify-icons/fonts/themify9f249f24.svg]
[dompet.dexignlab.com/xhtml/icons/line-awesome/fonts/la-brands-400.eot]
[dompet.dexignlab.com/xhtml/icons/line-awesome/fonts/la-brands-400d41d.eot]
[dompet.dexignlab.com/xhtml/icons/line-awesome/fonts/la-brands-400.woff2]
[dompet.dexignlab.com/xhtml/icons/line-awesome/fonts/la-brands-400.woff]
[dompet.dexignlab.com/xhtml/icons/line-awesome/fonts/la-brands-400.ttf]
[dompet.dexignlab.com/xhtml/icons/line-awesome/fonts/la-regular-400.eot]
[dompet.dexignlab.com/xhtml/icons/line-awesome/fonts/la-brands-400.svg]
[dompet.dexignlab.com/xhtml/icons/line-awesome/fonts/la-regular-400d41d.eot]
[dompet.dexignlab.com/xhtml/icons/line-awesome/fonts/la-regular-400.woff2]
[dompet.dexignlab.com/xhtml/icons/line-awesome/fonts/la-regular-400.woff]
[dompet.dexignlab.com/xhtml/icons/line-awesome/fonts/la-regular-400.ttf]
[dompet.dexignlab.com/xhtml/icons/line-awesome/fonts/la-regular-400.svg]
[dompet.dexignlab.com/xhtml/icons/line-awesome/fonts/la-solid-900.eot]
[dompet.dexignlab.com/xhtml/icons/line-awesome/fonts/la-solid-900d41d.eot]
[dompet.dexignlab.com/xhtml/icons/line-awesome/fonts/la-solid-900.woff2]
[dompet.dexignlab.com/xhtml/icons/line-awesome/fonts/la-solid-900.woff]
[dompet.dexignlab.com/xhtml/icons/line-awesome/fonts/la-solid-900.ttf]
[dompet.dexignlab.com/xhtml/icons/line-awesome/css/line-awesome.min.css]
[dompet.dexignlab.com/xhtml/icons/line-awesome/fonts/la-solid-900.svg]
[dompet.dexignlab.com/xhtml/icons/avasta/fonts/avasta.eot]
[dompet.dexignlab.com/xhtml/icons/avasta/fonts/avasta.woff2]
[dompet.dexignlab.com/xhtml/icons/avasta/fonts/avasta.woff]
[dompet.dexignlab.com/xhtml/icons/avasta/fonts/avasta.ttf]
[dompet.dexignlab.com/xhtml/icons/avasta/css/style.css]
[dompet.dexignlab.com/xhtml/icons/avasta/fonts/avasta.svg]
[dompet.dexignlab.com/xhtml/icons/flaticon/Flaticon.eot]
[dompet.dexignlab.com/xhtml/icons/flaticon/Flaticond41d.eot]
[dompet.dexignlab.com/xhtml/icons/flaticon/Flaticon.woff]
[dompet.dexignlab.com/xhtml/icons/flaticon/Flaticon.ttf]
[dompet.dexignlab.com/xhtml/icons/flaticon/flaticon.css]
[dompet.dexignlab.com/xhtml/icons/flaticon/Flaticon.svg]
[dompet.dexignlab.com/xhtml/icons/flaticon_1/Flaticon_1.eot]
[dompet.dexignlab.com/xhtml/icons/flaticon_1/Flaticon_1d41d.eot]
[dompet.dexignlab.com/xhtml/icons/flaticon_1/Flaticon_1.woff2]
[dompet.dexignlab.com/xhtml/icons/flaticon_1/Flaticon_1.woff]
[dompet.dexignlab.com/xhtml/icons/flaticon_1/Flaticon_1.ttf]
[dompet.dexignlab.com/xhtml/icons/flaticon_1/flaticon_1.css]
[dompet.dexignlab.com/xhtml/icons/flaticon_1/Flaticon_1.svg]
[dompet.dexignlab.com/xhtml/icons/icomoon/fonts/icomoon.eot]
[dompet.dexignlab.com/xhtml/icons/icomoon/fonts/icomoon.ttf]
[dompet.dexignlab.com/xhtml/icons/icomoon/fonts/icomoon.woff]
[dompet.dexignlab.com/xhtml/icons/icomoon/icomoon.css]
[dompet.dexignlab.com/xhtml/icons/bootstrap-icons/font/fonts/bootstrap-iconse36a.woff2]
[dompet.dexignlab.com/xhtml/icons/icomoon/fonts/icomoon.svg]
[dompet.dexignlab.com/xhtml/icons/bootstrap-icons/font/fonts/bootstrap-iconse36a.woff]
[dompet.dexignlab.com/xhtml/icons/bootstrap-icons/font/bootstrap-icons.css]
[dompet.dexignlab.com/xhtml/vendor/animate/animate.min.css]
[dompet.dexignlab.com/xhtml/vendor/aos/css/aos.min.css]
[dompet.dexignlab.com/xhtml/vendor/perfect-scrollbar/css/perfect-scrollbar.css]
[dompet.dexignlab.com/xhtml/vendor/metismenu/css/metisMenu.min.css]
[dompet.dexignlab.com/xhtml/vendor/lightgallery/fonts/lgd641.eot]
[dompet.dexignlab.com/xhtml/vendor/lightgallery/fonts/lgd41d.eot]
[dompet.dexignlab.com/xhtml/vendor/lightgallery/fonts/lgd641.woff]
[dompet.dexignlab.com/xhtml/vendor/lightgallery/fonts/lgd641.ttf]
[dompet.dexignlab.com/xhtml/vendor/lightgallery/fonts/lgd641.svg]
[dompet.dexignlab.com/xhtml/vendor/lightgallery/img/vimeo-play.png]
[dompet.dexignlab.com/xhtml/vendor/lightgallery/img/video-play.png]
[dompet.dexignlab.com/xhtml/vendor/lightgallery/img/youtube-play.png]
[dompet.dexignlab.com/xhtml/vendor/lightgallery/img/loading.gif]
[dompet.dexignlab.com/xhtml/vendor/lightgallery/css/lightgallery.min.css]
[dompet.dexignlab.com/xhtml/vendor/bootstrap-select/dist/js/bootstrap-select.min.js]
[dompet.dexignlab.com/xhtml/vendor/lightgallery/js/lightgallery-all.min.js]
[dompet.dexignlab.com/xhtml/js/dashboard/my-wallet.js]
[dompet.dexignlab.com/xhtml/vendor/datatables/images/sort_both.png]
[dompet.dexignlab.com/xhtml/vendor/datatables/images/sort_asc.png]
[dompet.dexignlab.com/xhtml/vendor/datatables/images/sort_desc.png]
[dompet.dexignlab.com/xhtml/vendor/datatables/images/sort_asc_disabled.png]
[dompet.dexignlab.com/xhtml/vendor/datatables/images/sort_desc_disabled.png]
[dompet.dexignlab.com/xhtml/vendor/datatables/css/jquery.dataTables.min.css]
[dompet.dexignlab.com/xhtml/vendor/datatables/js/jquery.dataTables.min.js]
[dompet.dexignlab.com/xhtml/js/plugins-init/datatables.init.js]
[dompet.dexignlab.com/xhtml/vendor/owl-carousel/owl.carousel.css]
[dompet.dexignlab.com/xhtml/vendor/owl-carousel/owl.carousel.js]
[dompet.dexignlab.com/xhtml/js/dashboard/cards-center.js]
[dompet.dexignlab.com/xhtml/js/dashboard/transaction-details.js]
[dompet.dexignlab.com/xhtml/vendor/star-rating/star-rating-svg.css]
[dompet.dexignlab.com/xhtml/vendor/star-rating/jquery.star-rating-svg.js]
[dompet.dexignlab.com/xhtml/vendor/bootstrap-select/dist/css/bootstrap-select.min.css]
[dompet.dexignlab.com/xhtml/vendor/highlightjs/highlight.pack.min.js]
[dompet.dexignlab.com/xhtml/vendor/flot/jquery.flot.js]
[dompet.dexignlab.com/xhtml/vendor/flot/jquery.flot.pie.js]
[dompet.dexignlab.com/xhtml/vendor/flot/jquery.flot.resize.js]
[dompet.dexignlab.com/xhtml/vendor/flot-spline/jquery.flot.spline.min.js]
[dompet.dexignlab.com/xhtml/js/plugins-init/flot-init.js]
[dompet.dexignlab.com/xhtml/vendor/raphael/raphael.min.js]
[dompet.dexignlab.com/xhtml/vendor/morris/morris.min.js]
[dompet.dexignlab.com/xhtml/js/plugins-init/morris-init.js]
[dompet.dexignlab.com/xhtml/vendor/chartist/css/chartist.min.css]
[dompet.dexignlab.com/xhtml/vendor/chartist/js/chartist.min.js]
[dompet.dexignlab.com/xhtml/vendor/chartist-plugin-tooltips/js/chartist-plugin-tooltip.min.js]
[dompet.dexignlab.com/xhtml/js/plugins-init/chartist-init.js]
[dompet.dexignlab.com/xhtml/vendor/peity/jquery.peity.min.js]
[dompet.dexignlab.com/xhtml/js/plugins-init/piety-init.js]
[dompet.dexignlab.com/xhtml/vendor/select2/css/select2.min.css]
[dompet.dexignlab.com/xhtml/vendor/select2/js/select2.full.min.js]
[dompet.dexignlab.com/xhtml/js/plugins-init/select2-init.js]
[dompet.dexignlab.com/xhtml/vendor/nestable2/css/jquery.nestable.min.css]
[dompet.dexignlab.com/xhtml/vendor/nestable2/js/jquery.nestable.min.js]
[dompet.dexignlab.com/xhtml/js/plugins-init/nestable-init.js]
[dompet.dexignlab.com/xhtml/js/plugins-init/nouislider-init.js]
[dompet.dexignlab.com/xhtml/vendor/sweetalert2/dist/sweetalert2.min.css]
[dompet.dexignlab.com/xhtml/vendor/sweetalert2/dist/sweetalert2.min.js]
[dompet.dexignlab.com/xhtml/js/plugins-init/sweetalert.init.js]
[dompet.dexignlab.com/xhtml/vendor/toastr/css/toastr.min.css]
[dompet.dexignlab.com/xhtml/vendor/toastr/js/toastr.min.js]
[dompet.dexignlab.com/xhtml/js/plugins-init/toastr-init.js]
[dompet.dexignlab.com/xhtml/vendor/jqvmap/css/jqvmap.min.css]
[dompet.dexignlab.com/xhtml/vendor/jqvmap/js/jquery.vmap.min.js]
[dompet.dexignlab.com/xhtml/vendor/jqvmap/js/jquery.vmap.world.js]
[dompet.dexignlab.com/xhtml/vendor/jqvmap/js/jquery.vmap.usa.js]
[dompet.dexignlab.com/xhtml/js/plugins-init/jqvmap-init.js]
[dompet.dexignlab.com/xhtml/js/plugins-init/widgets-script-init.js]
[dompet.dexignlab.com/xhtml/vendor/jquery-smartwizard/dist/css/smart_wizard.min.css]
[dompet.dexignlab.com/xhtml/vendor/jquery-steps/build/jquery.steps.min.js]
[dompet.dexignlab.com/xhtml/vendor/jquery-validation/jquery.validate.min.js]
[dompet.dexignlab.com/xhtml/js/plugins-init/jquery.validate-init.js]
[dompet.dexignlab.com/xhtml/vendor/jquery-smartwizard/dist/js/jquery.smartWizard.js]
[dompet.dexignlab.com/xhtml/vendor/ckeditor/ckeditor.js]
[dompet.dexignlab.com/xhtml/vendor/bootstrap-daterangepicker/daterangepicker.css]
[dompet.dexignlab.com/xhtml/vendor/clockpicker/css/bootstrap-clockpicker.min.css]
[dompet.dexignlab.com/xhtml/vendor/jquery-asColorPicker/images/transparent.png]
[dompet.dexignlab.com/xhtml/vendor/jquery-asColorPicker/images/saturation.png]
[dompet.dexignlab.com/xhtml/vendor/jquery-asColorPicker/images/hue.png]
[dompet.dexignlab.com/xhtml/vendor/jquery-asColorPicker/images/alpha.png]
[dompet.dexignlab.com/xhtml/vendor/jquery-asColorPicker/css/asColorPicker.min.css]
[dompet.dexignlab.com/xhtml/vendor/bootstrap-material-datetimepicker/css/bootstrap-material-datetimepicker.css]
[dompet.dexignlab.com/xhtml/vendor/pickadate/themes/default.css]
[dompet.dexignlab.com/xhtml/vendor/pickadate/themes/default.date.css]
[dompet.dexignlab.com/xhtml/vendor/bootstrap-daterangepicker/daterangepicker.js]
[dompet.dexignlab.com/xhtml/vendor/clockpicker/js/bootstrap-clockpicker.min.js]
[dompet.dexignlab.com/xhtml/vendor/jquery-asColor/jquery-asColor.min.js]
[dompet.dexignlab.com/xhtml/vendor/jquery-asGradient/jquery-asGradient.min.js]
[dompet.dexignlab.com/xhtml/vendor/jquery-asColorPicker/js/jquery-asColorPicker.min.js]
[dompet.dexignlab.com/xhtml/vendor/bootstrap-material-datetimepicker/js/bootstrap-material-datetimepicker.js]
[dompet.dexignlab.com/xhtml/vendor/pickadate/picker.js]
[dompet.dexignlab.com/xhtml/vendor/pickadate/picker.time.js]
[dompet.dexignlab.com/xhtml/vendor/pickadate/picker.date.js]
[dompet.dexignlab.com/xhtml/js/plugins-init/bs-daterange-picker-init.js]
[dompet.dexignlab.com/xhtml/js/plugins-init/clock-picker-init.js]
[dompet.dexignlab.com/xhtml/js/plugins-init/jquery-asColorPicker.init.js]
[dompet.dexignlab.com/xhtml/js/plugins-init/material-date-picker-init.js]
[dompet.dexignlab.com/xhtml/js/plugins-init/pickadate-init.js]
[dompet.dexignlab.com/xhtml/page-forgot-password.html]
[dompet.dexignlab.com/xhtml/vendor/dlabnav/dlabnav.min.js]
[dompet.dexignlab.com/xhtml/Trident/index.html]
[dompet.dexignlab.com/xhtml/Edge/index.html]
[dompet.dexignlab.com/xhtml/icons/simple-line-icons/fonts/Simple-Line-Icons4c824c82.svg]
[dompet.dexignlab.com/xhtml/icons/font-awesome/webfonts/fa-brands-400.svg]
[dompet.dexignlab.com/xhtml/icons/font-awesome/webfonts/fa-regular-400.svg]
[dompet.dexignlab.com/xhtml/icons/font-awesome/webfonts/fa-solid-900.svg]
[dompet.dexignlab.com/xhtml/icons/material-design-iconic-font/fonts/materialdesignicons-webfont683c.svg]
[dompet.dexignlab.com/xhtml/icons/themify-icons/fonts/themify9f249f24.svg]
[dompet.dexignlab.com/xhtml/icons/line-awesome/fonts/la-brands-400.svg]
[dompet.dexignlab.com/xhtml/icons/line-awesome/fonts/la-regular-400.svg]
[dompet.dexignlab.com/xhtml/icons/line-awesome/fonts/la-solid-900.svg]
[dompet.dexignlab.com/xhtml/icons/avasta/fonts/avasta.svg]
[dompet.dexignlab.com/xhtml/icons/flaticon/Flaticon.svg]
[dompet.dexignlab.com/xhtml/icons/flaticon_1/Flaticon_1.svg]
[dompet.dexignlab.com/xhtml/icons/icomoon/fonts/icomoon.svg]
[dompet.dexignlab.com/xhtml/vendor/lightgallery/fonts/lgd641.svg]
